Using pre-set license
Built from '2020.3/staging' branch; Version is '2020.3.25f1 (9b9180224418) revision 10195328'; Using compiler version '192528614'; Build Type 'Release'
OS: 'Windows 11  (10.0.26100) 64bit Professional' Language: 'es' Physical Memory: 14222 MB
BatchMode: 1, IsHumanControllingUs: 0, StartBugReporterOnCrash: 0, Is64bit: 1, IsPro: 0

COMMAND LINE ARGUMENTS:
C:\Program Files\Unity\Hub\Editor\2020.3.25f1-x86_64\Editor\Unity.exe
-adb2
-batchMode
-noUpm
-name
AssetImportWorker1
-projectPath
C:/Users/Dell/a night in utt
-logFile
Logs/AssetImportWorker1.log
-srvPort
56813
Successfully changed project path to: C:/Users/Dell/a night in utt
C:/Users/Dell/a night in utt
Using Asset Import Pipeline V2.
Refreshing native plugins compatible for Editor in 69.97 ms, found 3 plugins.
Preloading 0 native plugins for Editor in 0.00 ms.
Initialize engine version: 2020.3.25f1 (9b9180224418)
[Subsystems] Discovering subsystems at path C:/Program Files/Unity/Hub/Editor/2020.3.25f1-x86_64/Editor/Data/Resources/UnitySubsystems
[Subsystems] Discovering subsystems at path C:/Users/Dell/a night in utt/Assets
GfxDevice: creating device client; threaded=0
Direct3D:
    Version:  Direct3D 11.0 [level 11.1]
    Renderer: AMD Radeon(TM) Graphics (ID=0x15d8)
    Vendor:   
    VRAM:     7111 MB
    Driver:   31.0.21921.9006
Initialize mono
Mono path[0] = 'C:/Program Files/Unity/Hub/Editor/2020.3.25f1-x86_64/Editor/Data/Managed'
Mono path[1] = 'C:/Program Files/Unity/Hub/Editor/2020.3.25f1-x86_64/Editor/Data/MonoBleedingEdge/lib/mono/unityjit'
Mono config path = 'C:/Program Files/Unity/Hub/Editor/2020.3.25f1-x86_64/Editor/Data/MonoBleedingEdge/etc'
Using monoOptions --debugger-agent=transport=dt_socket,embedding=1,server=y,suspend=n,address=127.0.0.1:56052
Begin MonoManager ReloadAssembly
Registering precompiled unity dll's ...
Register platform support module: C:/Program Files/Unity/Hub/Editor/2020.3.25f1-x86_64/Editor/Data/PlaybackEngines/WindowsStandaloneSupport/UnityEditor.WindowsStandalone.Extensions.dll
Registered in 0.002616 seconds.
Native extension for WindowsStandalone target not found
Refreshing native plugins compatible for Editor in 61.96 ms, found 3 plugins.
Preloading 0 native plugins for Editor in 0.00 ms.
Mono: successfully reloaded assembly
- Completed reload, in  0.987 seconds
Domain Reload Profiling:
	ReloadAssembly (988ms)
		BeginReloadAssembly (124ms)
			ExecutionOrderSort (0ms)
			DisableScriptedObjects (0ms)
			BackupInstance (0ms)
			ReleaseScriptingObjects (0ms)
			CreateAndSetChildDomain (1ms)
		EndReloadAssembly (746ms)
			LoadAssemblies (118ms)
			RebuildTransferFunctionScriptingTraits (0ms)
			SetupTypeCache (252ms)
			ReleaseScriptCaches (0ms)
			RebuildScriptCaches (40ms)
			SetupLoadedEditorAssemblies (293ms)
				LogAssemblyErrors (0ms)
				InitializePlatformSupportModulesInManaged (6ms)
				SetLoadedEditorAssemblies (0ms)
				RefreshPlugins (62ms)
				BeforeProcessingInitializeOnLoad (16ms)
				ProcessInitializeOnLoadAttributes (159ms)
				ProcessInitializeOnLoadMethodAttributes (48ms)
				AfterProcessingInitializeOnLoad (0ms)
				EditorAssembliesLoaded (0ms)
			ExecutionOrderSort2 (0ms)
			AwakeInstancesAfterBackupRestoration (0ms)
Platform modules already initialized, skipping
Registering precompiled user dll's ...
Registered in 0.006632 seconds.
Begin MonoManager ReloadAssembly
Native extension for WindowsStandalone target not found
Refreshing native plugins compatible for Editor in 63.28 ms, found 3 plugins.
Preloading 0 native plugins for Editor in 0.00 ms.
Mono: successfully reloaded assembly
- Completed reload, in 11.733 seconds
Domain Reload Profiling:
	ReloadAssembly (11748ms)
		BeginReloadAssembly (176ms)
			ExecutionOrderSort (0ms)
			DisableScriptedObjects (6ms)
			BackupInstance (0ms)
			ReleaseScriptingObjects (0ms)
			CreateAndSetChildDomain (25ms)
		EndReloadAssembly (11485ms)
			LoadAssemblies (6660ms)
			RebuildTransferFunctionScriptingTraits (0ms)
			SetupTypeCache (2203ms)
			ReleaseScriptCaches (1ms)
			RebuildScriptCaches (73ms)
			SetupLoadedEditorAssemblies (2336ms)
				LogAssemblyErrors (0ms)
				InitializePlatformSupportModulesInManaged (5ms)
				SetLoadedEditorAssemblies (0ms)
				RefreshPlugins (63ms)
				BeforeProcessingInitializeOnLoad (119ms)
				ProcessInitializeOnLoadAttributes (794ms)
				ProcessInitializeOnLoadMethodAttributes (1345ms)
				AfterProcessingInitializeOnLoad (9ms)
				EditorAssembliesLoaded (0ms)
			ExecutionOrderSort2 (0ms)
			AwakeInstancesAfterBackupRestoration (12ms)
Platform modules already initialized, skipping
========================================================================
Worker process is ready to serve import requests
Launched and connected shader compiler UnityShaderCompiler.exe after 0.15 seconds
Refreshing native plugins compatible for Editor in 1.03 ms, found 3 plugins.
Preloading 0 native plugins for Editor in 0.00 ms.
Unloading 2216 Unused Serialized files (Serialized files now loaded: 0)
System memory in use before: 98.5 MB.
System memory in use after: 98.6 MB.

Unloading 28 unused Assets to reduce memory usage. Loaded Objects now: 2652.
Total: 4.174100 ms (FindLiveObjects: 0.242200 ms CreateObjectMapping: 0.062600 ms MarkObjects: 3.763600 ms  DeleteObjects: 0.103300 ms)

AssetImportParameters requested are different than current active one (requested -> active):
  custom:framework-win-MediaFoundation: 216162199b28c13a410421893ffa2e32 -> 
  custom:video-decoder-ogg-theora: a1e56fd34408186e4bbccfd4996cb3dc -> 
  custom:container-muxer-webm: aa71ff27fc2769a1b78a27578f13a17b -> 
  custom:container-demuxer-webm: 4f35f7cbe854078d1ac9338744f61a02 -> 
  custom:container-demuxer-ogg: 62fdf1f143b41e24485cea50d1cbac27 -> 
  custom:video-encoder-webm-vp8: eb34c28f22e8b96e1ab97ce403110664 -> 
  custom:video-decoder-webm-vp8: 9c59270c3fd7afecdb556c50c9e8de78 -> 
  custom:audio-decoder-ogg-vorbis: bf7c407c2cedff20999df2af8eb42d56 -> 
  custom:audio-encoder-webm-vorbis: bf7c407c2cedff20999df2af8eb42d56 -> 
========================================================================
Received Import Request.
  path: Assets/IMG/npc/npc1/npc n2.png
  artifactKey: Guid(4ec3e00bef19d8e4e9bd59916c01bea4) Importer(815301076,1909f56bfc062723c751e8b465ee728b)
Start importing Assets/IMG/npc/npc1/npc n2.png using Guid(4ec3e00bef19d8e4e9bd59916c01bea4) Importer(815301076,1909f56bfc062723c751e8b465ee728b)  -> (artifact id: '1130c67be0ae0acdb2af1c3efe9aa243') in 0.258094 seconds 
  Import took 0.263921 seconds .

========================================================================
Received Import Request.
  Time since last request: 0.000417 seconds.
  path: Assets/IMG/npc/npc1/npc n3.png
  artifactKey: Guid(adaea2c58ee08454e9fbe4518bccdc19) Importer(815301076,1909f56bfc062723c751e8b465ee728b)
Start importing Assets/IMG/npc/npc1/npc n3.png using Guid(adaea2c58ee08454e9fbe4518bccdc19) Importer(815301076,1909f56bfc062723c751e8b465ee728b)  -> (artifact id: '4c97f63080e34ba57cec0840c0153ed7') in 0.029998 seconds 
  Import took 0.036381 seconds .

========================================================================
Received Import Request.
  Time since last request: 0.000407 seconds.
  path: Assets/IMG/npc/npc1/npc n1.png
  artifactKey: Guid(fb2c0a40621d4fc45ac697d5bc2ca1a4) Importer(815301076,1909f56bfc062723c751e8b465ee728b)
Start importing Assets/IMG/npc/npc1/npc n1.png using Guid(fb2c0a40621d4fc45ac697d5bc2ca1a4) Importer(815301076,1909f56bfc062723c751e8b465ee728b)  -> (artifact id: '81ec7b694d66fedc57df6352d7e0c049') in 0.029224 seconds 
  Import took 0.035780 seconds .

========================================================================
Received Import Request.
  Time since last request: 0.000524 seconds.
  path: Assets/IMG/npc/npc1/npc n2 1.png
  artifactKey: Guid(cfbb223bb1eb982479facd3dc7005c74) Importer(815301076,1909f56bfc062723c751e8b465ee728b)
Start importing Assets/IMG/npc/npc1/npc n2 1.png using Guid(cfbb223bb1eb982479facd3dc7005c74) Importer(815301076,1909f56bfc062723c751e8b465ee728b)  -> (artifact id: '74025fa7715c6def83f3024532fa3f33') in 0.041220 seconds 
  Import took 0.047545 seconds .

========================================================================
Received Import Request.
  Time since last request: 0.000473 seconds.
  path: Assets/IMG/npc/npc1/npc n3 1.png
  artifactKey: Guid(8fc58b24362012d4087be8a44b7c434d) Importer(815301076,1909f56bfc062723c751e8b465ee728b)
Start importing Assets/IMG/npc/npc1/npc n3 1.png using Guid(8fc58b24362012d4087be8a44b7c434d) Importer(815301076,1909f56bfc062723c751e8b465ee728b)  -> (artifact id: 'd17d11f1ada7f0967c70a208bfcd6ed3') in 0.030825 seconds 
  Import took 0.037495 seconds .

========================================================================
Received Import Request.
  Time since last request: 0.000382 seconds.
  path: Assets/IMG/npc/npc1/npc n1 1.png
  artifactKey: Guid(5c70d62f56d1e164a8bf962f8e8616d6) Importer(815301076,1909f56bfc062723c751e8b465ee728b)
Start importing Assets/IMG/npc/npc1/npc n1 1.png using Guid(5c70d62f56d1e164a8bf962f8e8616d6) Importer(815301076,1909f56bfc062723c751e8b465ee728b)  -> (artifact id: '05deeff972239c4db375b047b7449b52') in 0.025920 seconds 
  Import took 0.031896 seconds .

========================================================================
Received Prepare
Registering precompiled user dll's ...
Registered in 0.009459 seconds.
Begin MonoManager ReloadAssembly
Native extension for WindowsStandalone target not found
Refreshing native plugins compatible for Editor in 0.90 ms, found 3 plugins.
Preloading 0 native plugins for Editor in 0.00 ms.
Mono: successfully reloaded assembly
- Completed reload, in  1.434 seconds
Domain Reload Profiling:
	ReloadAssembly (1435ms)
		BeginReloadAssembly (156ms)
			ExecutionOrderSort (0ms)
			DisableScriptedObjects (10ms)
			BackupInstance (0ms)
			ReleaseScriptingObjects (0ms)
			CreateAndSetChildDomain (49ms)
		EndReloadAssembly (1195ms)
			LoadAssemblies (115ms)
			RebuildTransferFunctionScriptingTraits (0ms)
			SetupTypeCache (442ms)
			ReleaseScriptCaches (1ms)
			RebuildScriptCaches (69ms)
			SetupLoadedEditorAssemblies (428ms)
				LogAssemblyErrors (0ms)
				InitializePlatformSupportModulesInManaged (8ms)
				SetLoadedEditorAssemblies (1ms)
				RefreshPlugins (1ms)
				BeforeProcessingInitializeOnLoad (116ms)
				ProcessInitializeOnLoadAttributes (275ms)
				ProcessInitializeOnLoadMethodAttributes (18ms)
				AfterProcessingInitializeOnLoad (8ms)
				EditorAssembliesLoaded (0ms)
			ExecutionOrderSort2 (0ms)
			AwakeInstancesAfterBackupRestoration (11ms)
Platform modules already initialized, skipping
Refreshing native plugins compatible for Editor in 0.77 ms, found 3 plugins.
Preloading 0 native plugins for Editor in 0.00 ms.
Unloading 2192 Unused Serialized files (Serialized files now loaded: 0)
System memory in use before: 99.5 MB.
System memory in use after: 99.6 MB.

Unloading 17 unused Assets to reduce memory usage. Loaded Objects now: 2660.
Total: 5.301800 ms (FindLiveObjects: 0.262800 ms CreateObjectMapping: 0.087900 ms MarkObjects: 4.919200 ms  DeleteObjects: 0.030000 ms)

AssetImportParameters requested are different than current active one (requested -> active):
  custom:framework-win-MediaFoundation: 216162199b28c13a410421893ffa2e32 -> 
  custom:video-decoder-ogg-theora: a1e56fd34408186e4bbccfd4996cb3dc -> 
  custom:container-muxer-webm: aa71ff27fc2769a1b78a27578f13a17b -> 
  custom:container-demuxer-webm: 4f35f7cbe854078d1ac9338744f61a02 -> 
  custom:container-demuxer-ogg: 62fdf1f143b41e24485cea50d1cbac27 -> 
  custom:video-encoder-webm-vp8: eb34c28f22e8b96e1ab97ce403110664 -> 
  custom:video-decoder-webm-vp8: 9c59270c3fd7afecdb556c50c9e8de78 -> 
  custom:audio-decoder-ogg-vorbis: bf7c407c2cedff20999df2af8eb42d56 -> 
  custom:audio-encoder-webm-vorbis: bf7c407c2cedff20999df2af8eb42d56 -> 
========================================================================
Received Import Request.
  Time since last request: 101.224023 seconds.
  path: Assets/IMG/npc/npc1/npc1anim.anim
  artifactKey: Guid(b3708bc5f354d694885295f4d9ed708e) Importer(815301076,1909f56bfc062723c751e8b465ee728b)
Start importing Assets/IMG/npc/npc1/npc1anim.anim using Guid(b3708bc5f354d694885295f4d9ed708e) Importer(815301076,1909f56bfc062723c751e8b465ee728b)  -> (artifact id: '5f15d17086b5ffd0c0902ff8b6c99c43') in 0.049503 seconds 
  Import took 0.055799 seconds .

========================================================================
Received Import Request.
  Time since last request: 0.759045 seconds.
  path: Assets/IMG/npc/npc1/npc1.controller
  artifactKey: Guid(03d3aa16ab931b74e8c2b32daa8a921d) Importer(815301076,1909f56bfc062723c751e8b465ee728b)
Start importing Assets/IMG/npc/npc1/npc1.controller using Guid(03d3aa16ab931b74e8c2b32daa8a921d) Importer(815301076,1909f56bfc062723c751e8b465ee728b)  -> (artifact id: '2af52692689ce58da220928d58050751') in 0.028531 seconds 
  Import took 0.034261 seconds .

========================================================================
Received Import Request.
  Time since last request: 5.684499 seconds.
  path: Assets/IMG/npc/npc1
  artifactKey: Guid(ccc0ab910e2aba84eb59fe808bbdc49f) Importer(815301076,1909f56bfc062723c751e8b465ee728b)
Start importing Assets/IMG/npc/npc1 using Guid(ccc0ab910e2aba84eb59fe808bbdc49f) Importer(815301076,1909f56bfc062723c751e8b465ee728b)  -> (artifact id: '88ac63452e2178e36eb7746280f98ea5') in 0.018967 seconds 
  Import took 0.025228 seconds .

========================================================================
Received Import Request.
  Time since last request: 15.794343 seconds.
  path: Assets/IMG/npc/npc1/npc1.controller
  artifactKey: Guid(03d3aa16ab931b74e8c2b32daa8a921d) Importer(815301076,1909f56bfc062723c751e8b465ee728b)
Start importing Assets/IMG/npc/npc1/npc1.controller using Guid(03d3aa16ab931b74e8c2b32daa8a921d) Importer(815301076,1909f56bfc062723c751e8b465ee728b)  -> (artifact id: '25f926d8963bf407924346844c9fa877') in 0.006219 seconds 
  Import took 0.014625 seconds .

========================================================================
Received Import Request.
  Time since last request: 1.324391 seconds.
  path: Assets/IMG/npc/npc1/npc1anim.anim
  artifactKey: Guid(b3708bc5f354d694885295f4d9ed708e) Importer(815301076,1909f56bfc062723c751e8b465ee728b)
Start importing Assets/IMG/npc/npc1/npc1anim.anim using Guid(b3708bc5f354d694885295f4d9ed708e) Importer(815301076,1909f56bfc062723c751e8b465ee728b)  -> (artifact id: '0346c0292f09a781e5f8ca0b0bd3fec5') in 0.007087 seconds 
  Import took 0.024261 seconds .

========================================================================
Received Import Request.
  Time since last request: 15.862557 seconds.
  path: Assets/IMG/npc/npc1/npc n2 2.png
  artifactKey: Guid(57653ef374758724dbf2b1f0ba1022f3) Importer(815301076,1909f56bfc062723c751e8b465ee728b)
Start importing Assets/IMG/npc/npc1/npc n2 2.png using Guid(57653ef374758724dbf2b1f0ba1022f3) Importer(815301076,1909f56bfc062723c751e8b465ee728b)  -> (artifact id: '0d936e975a0404a81a70bb87a55201e9') in 0.068878 seconds 
  Import took 0.074936 seconds .

========================================================================
Received Import Request.
  Time since last request: 4.490330 seconds.
  path: Assets/IMG/npc/npc1/npc n1 2.png
  artifactKey: Guid(146b0145a977ffa43bdf994d78c4cf5b) Importer(815301076,1909f56bfc062723c751e8b465ee728b)
Start importing Assets/IMG/npc/npc1/npc n1 2.png using Guid(146b0145a977ffa43bdf994d78c4cf5b) Importer(815301076,1909f56bfc062723c751e8b465ee728b)  -> (artifact id: 'e5942628c166c61cefe4cacd066594df') in 0.028293 seconds 
  Import took 0.033375 seconds .

========================================================================
Received Prepare
Registering precompiled user dll's ...
Registered in 0.006545 seconds.
Begin MonoManager ReloadAssembly
Native extension for WindowsStandalone target not found
Refreshing native plugins compatible for Editor in 0.79 ms, found 3 plugins.
Preloading 0 native plugins for Editor in 0.00 ms.
Mono: successfully reloaded assembly
- Completed reload, in  1.413 seconds
Domain Reload Profiling:
	ReloadAssembly (1413ms)
		BeginReloadAssembly (163ms)
			ExecutionOrderSort (0ms)
			DisableScriptedObjects (8ms)
			BackupInstance (0ms)
			ReleaseScriptingObjects (0ms)
			CreateAndSetChildDomain (48ms)
		EndReloadAssembly (1164ms)
			LoadAssemblies (128ms)
			RebuildTransferFunctionScriptingTraits (0ms)
			SetupTypeCache (442ms)
			ReleaseScriptCaches (1ms)
			RebuildScriptCaches (57ms)
			SetupLoadedEditorAssemblies (417ms)
				LogAssemblyErrors (0ms)
				InitializePlatformSupportModulesInManaged (8ms)
				SetLoadedEditorAssemblies (1ms)
				RefreshPlugins (1ms)
				BeforeProcessingInitializeOnLoad (106ms)
				ProcessInitializeOnLoadAttributes (276ms)
				ProcessInitializeOnLoadMethodAttributes (19ms)
				AfterProcessingInitializeOnLoad (7ms)
				EditorAssembliesLoaded (0ms)
			ExecutionOrderSort2 (0ms)
			AwakeInstancesAfterBackupRestoration (12ms)
Platform modules already initialized, skipping
Refreshing native plugins compatible for Editor in 0.69 ms, found 3 plugins.
Preloading 0 native plugins for Editor in 0.00 ms.
Unloading 2192 Unused Serialized files (Serialized files now loaded: 0)
System memory in use before: 99.5 MB.
System memory in use after: 99.7 MB.

Unloading 17 unused Assets to reduce memory usage. Loaded Objects now: 2663.
Total: 5.010800 ms (FindLiveObjects: 0.262600 ms CreateObjectMapping: 0.081500 ms MarkObjects: 4.636300 ms  DeleteObjects: 0.028200 ms)

AssetImportParameters requested are different than current active one (requested -> active):
  custom:framework-win-MediaFoundation: 216162199b28c13a410421893ffa2e32 -> 
  custom:video-decoder-ogg-theora: a1e56fd34408186e4bbccfd4996cb3dc -> 
  custom:container-muxer-webm: aa71ff27fc2769a1b78a27578f13a17b -> 
  custom:container-demuxer-webm: 4f35f7cbe854078d1ac9338744f61a02 -> 
  custom:container-demuxer-ogg: 62fdf1f143b41e24485cea50d1cbac27 -> 
  custom:video-encoder-webm-vp8: eb34c28f22e8b96e1ab97ce403110664 -> 
  custom:video-decoder-webm-vp8: 9c59270c3fd7afecdb556c50c9e8de78 -> 
  custom:audio-decoder-ogg-vorbis: bf7c407c2cedff20999df2af8eb42d56 -> 
  custom:audio-encoder-webm-vorbis: bf7c407c2cedff20999df2af8eb42d56 -> 
========================================================================
Received Prepare
Registering precompiled user dll's ...
Registered in 0.007857 seconds.
Begin MonoManager ReloadAssembly
Native extension for WindowsStandalone target not found
Refreshing native plugins compatible for Editor in 0.64 ms, found 3 plugins.
Preloading 0 native plugins for Editor in 0.00 ms.
Mono: successfully reloaded assembly
- Completed reload, in  1.895 seconds
Domain Reload Profiling:
	ReloadAssembly (1896ms)
		BeginReloadAssembly (240ms)
			ExecutionOrderSort (0ms)
			DisableScriptedObjects (15ms)
			BackupInstance (0ms)
			ReleaseScriptingObjects (0ms)
			CreateAndSetChildDomain (85ms)
		EndReloadAssembly (1540ms)
			LoadAssemblies (184ms)
			RebuildTransferFunctionScriptingTraits (0ms)
			SetupTypeCache (568ms)
			ReleaseScriptCaches (2ms)
			RebuildScriptCaches (71ms)
			SetupLoadedEditorAssemblies (455ms)
				LogAssemblyErrors (0ms)
				InitializePlatformSupportModulesInManaged (6ms)
				SetLoadedEditorAssemblies (1ms)
				RefreshPlugins (1ms)
				BeforeProcessingInitializeOnLoad (117ms)
				ProcessInitializeOnLoadAttributes (289ms)
				ProcessInitializeOnLoadMethodAttributes (27ms)
				AfterProcessingInitializeOnLoad (14ms)
				EditorAssembliesLoaded (0ms)
			ExecutionOrderSort2 (0ms)
			AwakeInstancesAfterBackupRestoration (20ms)
Platform modules already initialized, skipping
Refreshing native plugins compatible for Editor in 1.04 ms, found 3 plugins.
Preloading 0 native plugins for Editor in 0.00 ms.
Unloading 2192 Unused Serialized files (Serialized files now loaded: 0)
System memory in use before: 99.6 MB.
System memory in use after: 99.7 MB.

Unloading 17 unused Assets to reduce memory usage. Loaded Objects now: 2665.
Total: 5.589500 ms (FindLiveObjects: 0.300900 ms CreateObjectMapping: 0.094600 ms MarkObjects: 5.153300 ms  DeleteObjects: 0.038000 ms)

AssetImportParameters requested are different than current active one (requested -> active):
  custom:framework-win-MediaFoundation: 216162199b28c13a410421893ffa2e32 -> 
  custom:video-decoder-ogg-theora: a1e56fd34408186e4bbccfd4996cb3dc -> 
  custom:container-muxer-webm: aa71ff27fc2769a1b78a27578f13a17b -> 
  custom:container-demuxer-webm: 4f35f7cbe854078d1ac9338744f61a02 -> 
  custom:container-demuxer-ogg: 62fdf1f143b41e24485cea50d1cbac27 -> 
  custom:video-encoder-webm-vp8: eb34c28f22e8b96e1ab97ce403110664 -> 
  custom:video-decoder-webm-vp8: 9c59270c3fd7afecdb556c50c9e8de78 -> 
  custom:audio-decoder-ogg-vorbis: bf7c407c2cedff20999df2af8eb42d56 -> 
  custom:audio-encoder-webm-vorbis: bf7c407c2cedff20999df2af8eb42d56 -> 
========================================================================
Received Prepare
Registering precompiled user dll's ...
Registered in 0.009812 seconds.
Begin MonoManager ReloadAssembly
Native extension for WindowsStandalone target not found
Refreshing native plugins compatible for Editor in 0.68 ms, found 3 plugins.
Preloading 0 native plugins for Editor in 0.00 ms.
Mono: successfully reloaded assembly
- Completed reload, in  1.490 seconds
Domain Reload Profiling:
	ReloadAssembly (1491ms)
		BeginReloadAssembly (218ms)
			ExecutionOrderSort (0ms)
			DisableScriptedObjects (12ms)
			BackupInstance (0ms)
			ReleaseScriptingObjects (0ms)
			CreateAndSetChildDomain (65ms)
		EndReloadAssembly (1185ms)
			LoadAssemblies (146ms)
			RebuildTransferFunctionScriptingTraits (0ms)
			SetupTypeCache (428ms)
			ReleaseScriptCaches (1ms)
			RebuildScriptCaches (60ms)
			SetupLoadedEditorAssemblies (411ms)
				LogAssemblyErrors (0ms)
				InitializePlatformSupportModulesInManaged (6ms)
				SetLoadedEditorAssemblies (1ms)
				RefreshPlugins (1ms)
				BeforeProcessingInitializeOnLoad (109ms)
				ProcessInitializeOnLoadAttributes (270ms)
				ProcessInitializeOnLoadMethodAttributes (16ms)
				AfterProcessingInitializeOnLoad (8ms)
				EditorAssembliesLoaded (0ms)
			ExecutionOrderSort2 (0ms)
			AwakeInstancesAfterBackupRestoration (17ms)
Platform modules already initialized, skipping
Refreshing native plugins compatible for Editor in 1.05 ms, found 3 plugins.
Preloading 0 native plugins for Editor in 0.00 ms.
Unloading 2192 Unused Serialized files (Serialized files now loaded: 0)
System memory in use before: 99.6 MB.
System memory in use after: 99.7 MB.

Unloading 17 unused Assets to reduce memory usage. Loaded Objects now: 2667.
Total: 6.297400 ms (FindLiveObjects: 0.373800 ms CreateObjectMapping: 0.185600 ms MarkObjects: 5.706400 ms  DeleteObjects: 0.028600 ms)

AssetImportParameters requested are different than current active one (requested -> active):
  custom:framework-win-MediaFoundation: 216162199b28c13a410421893ffa2e32 -> 
  custom:video-decoder-ogg-theora: a1e56fd34408186e4bbccfd4996cb3dc -> 
  custom:container-muxer-webm: aa71ff27fc2769a1b78a27578f13a17b -> 
  custom:container-demuxer-webm: 4f35f7cbe854078d1ac9338744f61a02 -> 
  custom:container-demuxer-ogg: 62fdf1f143b41e24485cea50d1cbac27 -> 
  custom:video-encoder-webm-vp8: eb34c28f22e8b96e1ab97ce403110664 -> 
  custom:video-decoder-webm-vp8: 9c59270c3fd7afecdb556c50c9e8de78 -> 
  custom:audio-decoder-ogg-vorbis: bf7c407c2cedff20999df2af8eb42d56 -> 
  custom:audio-encoder-webm-vorbis: bf7c407c2cedff20999df2af8eb42d56 -> 
========================================================================
Received Prepare
Registering precompiled user dll's ...
Registered in 0.005610 seconds.
Begin MonoManager ReloadAssembly
Native extension for WindowsStandalone target not found
Refreshing native plugins compatible for Editor in 1.51 ms, found 3 plugins.
Preloading 0 native plugins for Editor in 0.00 ms.
Mono: successfully reloaded assembly
- Completed reload, in  1.485 seconds
Domain Reload Profiling:
	ReloadAssembly (1486ms)
		BeginReloadAssembly (171ms)
			ExecutionOrderSort (0ms)
			DisableScriptedObjects (8ms)
			BackupInstance (0ms)
			ReleaseScriptingObjects (0ms)
			CreateAndSetChildDomain (41ms)
		EndReloadAssembly (1187ms)
			LoadAssemblies (177ms)
			RebuildTransferFunctionScriptingTraits (0ms)
			SetupTypeCache (401ms)
			ReleaseScriptCaches (1ms)
			RebuildScriptCaches (55ms)
			SetupLoadedEditorAssemblies (409ms)
				LogAssemblyErrors (0ms)
				InitializePlatformSupportModulesInManaged (8ms)
				SetLoadedEditorAssemblies (1ms)
				RefreshPlugins (2ms)
				BeforeProcessingInitializeOnLoad (110ms)
				ProcessInitializeOnLoadAttributes (266ms)
				ProcessInitializeOnLoadMethodAttributes (14ms)
				AfterProcessingInitializeOnLoad (8ms)
				EditorAssembliesLoaded (0ms)
			ExecutionOrderSort2 (0ms)
			AwakeInstancesAfterBackupRestoration (16ms)
Platform modules already initialized, skipping
Refreshing native plugins compatible for Editor in 1.46 ms, found 3 plugins.
Preloading 0 native plugins for Editor in 0.00 ms.
Unloading 2192 Unused Serialized files (Serialized files now loaded: 0)
System memory in use before: 99.6 MB.
System memory in use after: 99.7 MB.

Unloading 17 unused Assets to reduce memory usage. Loaded Objects now: 2669.
Total: 3.932800 ms (FindLiveObjects: 0.242700 ms CreateObjectMapping: 0.061800 ms MarkObjects: 3.590600 ms  DeleteObjects: 0.036100 ms)

AssetImportParameters requested are different than current active one (requested -> active):
  custom:framework-win-MediaFoundation: 216162199b28c13a410421893ffa2e32 -> 
  custom:video-decoder-ogg-theora: a1e56fd34408186e4bbccfd4996cb3dc -> 
  custom:container-muxer-webm: aa71ff27fc2769a1b78a27578f13a17b -> 
  custom:container-demuxer-webm: 4f35f7cbe854078d1ac9338744f61a02 -> 
  custom:container-demuxer-ogg: 62fdf1f143b41e24485cea50d1cbac27 -> 
  custom:video-encoder-webm-vp8: eb34c28f22e8b96e1ab97ce403110664 -> 
  custom:video-decoder-webm-vp8: 9c59270c3fd7afecdb556c50c9e8de78 -> 
  custom:audio-decoder-ogg-vorbis: bf7c407c2cedff20999df2af8eb42d56 -> 
  custom:audio-encoder-webm-vorbis: bf7c407c2cedff20999df2af8eb42d56 -> 
========================================================================
Received Import Request.
  Time since last request: 89206.089184 seconds.
  path: Assets/IMG/choche
  artifactKey: Guid(2a040d216c7c51d49b77c9e3db33c18d) Importer(815301076,1909f56bfc062723c751e8b465ee728b)
Start importing Assets/IMG/choche using Guid(2a040d216c7c51d49b77c9e3db33c18d) Importer(815301076,1909f56bfc062723c751e8b465ee728b)  -> (artifact id: '171b4841edd046bcb5de28ee0b9192bb') in 0.154869 seconds 
  Import took 0.234054 seconds .

========================================================================
Received Import Request.
  Time since last request: 15.811323 seconds.
  path: Assets/IMG/choche/choche1.png
  artifactKey: Guid(bbee2d10bb1e8a64fa51f2ede60f63aa) Importer(815301076,1909f56bfc062723c751e8b465ee728b)
Start importing Assets/IMG/choche/choche1.png using Guid(bbee2d10bb1e8a64fa51f2ede60f63aa) Importer(815301076,1909f56bfc062723c751e8b465ee728b)  -> (artifact id: 'bf9645aefc384abdd3801629c7084e30') in 0.371714 seconds 
  Import took 0.385391 seconds .

========================================================================
Received Import Request.
  Time since last request: 2.100589 seconds.
  path: Assets/IMG/choche/choche1 1.png
  artifactKey: Guid(1ba34de43ea5236429f7cf0ac4f479ae) Importer(815301076,1909f56bfc062723c751e8b465ee728b)
Start importing Assets/IMG/choche/choche1 1.png using Guid(1ba34de43ea5236429f7cf0ac4f479ae) Importer(815301076,1909f56bfc062723c751e8b465ee728b)  -> (artifact id: '74bfb12baf0a8c5c2d209eef1b317891') in 0.053299 seconds 
  Import took 0.100656 seconds .

========================================================================
Received Import Request.
  Time since last request: 2.355720 seconds.
  path: Assets/IMG/choche/choche1 2.png
  artifactKey: Guid(1472cd225503305409ceecc71958dbc0) Importer(815301076,1909f56bfc062723c751e8b465ee728b)
Start importing Assets/IMG/choche/choche1 2.png using Guid(1472cd225503305409ceecc71958dbc0) Importer(815301076,1909f56bfc062723c751e8b465ee728b)  -> (artifact id: '945b0e48ab969340fd9da119fbd9972f') in 0.063454 seconds 
  Import took 0.074341 seconds .

========================================================================
Received Import Request.
  Time since last request: 4.190055 seconds.
  path: Assets/IMG/choche/choche1 3.png
  artifactKey: Guid(bb8287b10430ff84cae7802f504d6ee3) Importer(815301076,1909f56bfc062723c751e8b465ee728b)
Start importing Assets/IMG/choche/choche1 3.png using Guid(bb8287b10430ff84cae7802f504d6ee3) Importer(815301076,1909f56bfc062723c751e8b465ee728b)  -> (artifact id: 'f07cc25f10eedc967d52139899f0e999') in 0.052415 seconds 
  Import took 0.059890 seconds .

========================================================================
Received Import Request.
  Time since last request: 5.712113 seconds.
  path: Assets/IMG/choche/choche2.png
  artifactKey: Guid(eaef517c096958d46a783a5a38b53ea5) Importer(815301076,1909f56bfc062723c751e8b465ee728b)
Start importing Assets/IMG/choche/choche2.png using Guid(eaef517c096958d46a783a5a38b53ea5) Importer(815301076,1909f56bfc062723c751e8b465ee728b)  -> (artifact id: '83fdb5941312ef4e5da5bf840ebfd38c') in 0.075478 seconds 
  Import took 0.084022 seconds .

========================================================================
Received Import Request.
  Time since last request: 2.426019 seconds.
  path: Assets/IMG/choche/choche2 1.png
  artifactKey: Guid(7c1c619f40ba7cb43953ef068c387cb9) Importer(815301076,1909f56bfc062723c751e8b465ee728b)
Start importing Assets/IMG/choche/choche2 1.png using Guid(7c1c619f40ba7cb43953ef068c387cb9) Importer(815301076,1909f56bfc062723c751e8b465ee728b)  -> (artifact id: 'ae2d7972301fc2b99170e31fada976d3') in 0.052975 seconds 
  Import took 0.099308 seconds .

========================================================================
Received Import Request.
  Time since last request: 2.107760 seconds.
  path: Assets/IMG/choche/choche2 2.png
  artifactKey: Guid(70909a0dea1676745a4fe51db5eceb17) Importer(815301076,1909f56bfc062723c751e8b465ee728b)
Start importing Assets/IMG/choche/choche2 2.png using Guid(70909a0dea1676745a4fe51db5eceb17) Importer(815301076,1909f56bfc062723c751e8b465ee728b)  -> (artifact id: '83e0b6160dbaed40929b19172c5da424') in 0.053372 seconds 
  Import took 0.061157 seconds .

========================================================================
Received Import Request.
  Time since last request: 2.576405 seconds.
  path: Assets/IMG/choche/choche3.png
  artifactKey: Guid(816fe37c91ba89d4e8df59f47c3dd902) Importer(815301076,1909f56bfc062723c751e8b465ee728b)
Start importing Assets/IMG/choche/choche3.png using Guid(816fe37c91ba89d4e8df59f47c3dd902) Importer(815301076,1909f56bfc062723c751e8b465ee728b)  -> (artifact id: '76176fd5a6b6f4b334b7001baa3a7cb4') in 0.060964 seconds 
  Import took 0.070885 seconds .

========================================================================
Received Import Request.
  Time since last request: 2.624448 seconds.
  path: Assets/IMG/choche/choche3 1.png
  artifactKey: Guid(578f2a12e4cd8784399d7a8395f202e6) Importer(815301076,1909f56bfc062723c751e8b465ee728b)
Start importing Assets/IMG/choche/choche3 1.png using Guid(578f2a12e4cd8784399d7a8395f202e6) Importer(815301076,1909f56bfc062723c751e8b465ee728b)  -> (artifact id: '5acec7fa6b601780bb08803eb711554e') in 0.068334 seconds 
  Import took 0.119472 seconds .

========================================================================
Received Import Request.
  Time since last request: 2.464401 seconds.
  path: Assets/IMG/choche/choche3 2.png
  artifactKey: Guid(7c0dc53ad15e08944976b1d8143ffa0a) Importer(815301076,1909f56bfc062723c751e8b465ee728b)
Start importing Assets/IMG/choche/choche3 2.png using Guid(7c0dc53ad15e08944976b1d8143ffa0a) Importer(815301076,1909f56bfc062723c751e8b465ee728b)  -> (artifact id: '7709fb56af6ae5d23aefbbab85b9f557') in 0.056176 seconds 
  Import took 0.064133 seconds .

========================================================================
Received Import Request.
  Time since last request: 4.697041 seconds.
  path: Assets/IMG/choche/choche4.png
  artifactKey: Guid(45f61ef96a1ffbc48b1fec7d5a5fff7d) Importer(815301076,1909f56bfc062723c751e8b465ee728b)
Start importing Assets/IMG/choche/choche4.png using Guid(45f61ef96a1ffbc48b1fec7d5a5fff7d) Importer(815301076,1909f56bfc062723c751e8b465ee728b)  -> (artifact id: 'dae2360e4a60eadaf0469754ac22b742') in 0.069846 seconds 
  Import took 0.079727 seconds .

========================================================================
Received Import Request.
  Time since last request: 1.947429 seconds.
  path: Assets/IMG/choche/choche4 1.png
  artifactKey: Guid(62da523cee4a9f449b4aee5596953be2) Importer(815301076,1909f56bfc062723c751e8b465ee728b)
Start importing Assets/IMG/choche/choche4 1.png using Guid(62da523cee4a9f449b4aee5596953be2) Importer(815301076,1909f56bfc062723c751e8b465ee728b)  -> (artifact id: '52d937dbedc71eab9bd7020b03854a92') in 0.066316 seconds 
  Import took 0.078651 seconds .

========================================================================
Received Import Request.
  Time since last request: 3.445401 seconds.
  path: Assets/IMG/choche/choche5.png
  artifactKey: Guid(cf9bff83a4a3b584f8bef9791015b22e) Importer(815301076,1909f56bfc062723c751e8b465ee728b)
Start importing Assets/IMG/choche/choche5.png using Guid(cf9bff83a4a3b584f8bef9791015b22e) Importer(815301076,1909f56bfc062723c751e8b465ee728b)  -> (artifact id: '85baf68b3dc0db673223791d43a03d76') in 0.074095 seconds 
  Import took 0.086403 seconds .

========================================================================
Received Import Request.
  Time since last request: 1.912063 seconds.
  path: Assets/IMG/choche/choche6.png
  artifactKey: Guid(5c0649e180350e8488649376cbcc6ff9) Importer(815301076,1909f56bfc062723c751e8b465ee728b)
Start importing Assets/IMG/choche/choche6.png using Guid(5c0649e180350e8488649376cbcc6ff9) Importer(815301076,1909f56bfc062723c751e8b465ee728b)  -> (artifact id: 'e4b964a1f0439f171a119e8e13b74eb0') in 0.069503 seconds 
  Import took 0.077362 seconds .

========================================================================
Received Import Request.
  Time since last request: 4.746750 seconds.
  path: Assets/IMG/choche/choche7.png
  artifactKey: Guid(49da47a223303b6468478f51581bd60a) Importer(815301076,1909f56bfc062723c751e8b465ee728b)
Start importing Assets/IMG/choche/choche7.png using Guid(49da47a223303b6468478f51581bd60a) Importer(815301076,1909f56bfc062723c751e8b465ee728b)  -> (artifact id: '759e527265cc60fa4fd41ec4be4bd0f5') in 0.063751 seconds 
  Import took 0.072067 seconds .

========================================================================
Received Import Request.
  Time since last request: 2.194054 seconds.
  path: Assets/IMG/choche/choche7 1.png
  artifactKey: Guid(b6e4d4ff0168fad49b940341053258b0) Importer(815301076,1909f56bfc062723c751e8b465ee728b)
Start importing Assets/IMG/choche/choche7 1.png using Guid(b6e4d4ff0168fad49b940341053258b0) Importer(815301076,1909f56bfc062723c751e8b465ee728b)  -> (artifact id: 'b3b3c374ed17e740b95e33a7592e218b') in 0.096575 seconds 
  Import took 0.107268 seconds .

========================================================================
Received Prepare
Registering precompiled user dll's ...
Registered in 0.569166 seconds.
Begin MonoManager ReloadAssembly
Native extension for WindowsStandalone target not found
Refreshing native plugins compatible for Editor in 1.37 ms, found 3 plugins.
Preloading 0 native plugins for Editor in 0.00 ms.
Mono: successfully reloaded assembly
- Completed reload, in  2.908 seconds
Domain Reload Profiling:
	ReloadAssembly (2910ms)
		BeginReloadAssembly (308ms)
			ExecutionOrderSort (0ms)
			DisableScriptedObjects (18ms)
			BackupInstance (0ms)
			ReleaseScriptingObjects (0ms)
			CreateAndSetChildDomain (141ms)
		EndReloadAssembly (2458ms)
			LoadAssemblies (297ms)
			RebuildTransferFunctionScriptingTraits (0ms)
			SetupTypeCache (1066ms)
			ReleaseScriptCaches (3ms)
			RebuildScriptCaches (88ms)
			SetupLoadedEditorAssemblies (761ms)
				LogAssemblyErrors (0ms)
				InitializePlatformSupportModulesInManaged (14ms)
				SetLoadedEditorAssemblies (1ms)
				RefreshPlugins (2ms)
				BeforeProcessingInitializeOnLoad (235ms)
				ProcessInitializeOnLoadAttributes (473ms)
				ProcessInitializeOnLoadMethodAttributes (23ms)
				AfterProcessingInitializeOnLoad (12ms)
				EditorAssembliesLoaded (0ms)
			ExecutionOrderSort2 (0ms)
			AwakeInstancesAfterBackupRestoration (19ms)
Platform modules already initialized, skipping
Refreshing native plugins compatible for Editor in 1.21 ms, found 3 plugins.
Preloading 0 native plugins for Editor in 0.00 ms.
Unloading 2192 Unused Serialized files (Serialized files now loaded: 0)
System memory in use before: 99.7 MB.
System memory in use after: 99.8 MB.

Unloading 17 unused Assets to reduce memory usage. Loaded Objects now: 2672.
Total: 6.903700 ms (FindLiveObjects: 0.483400 ms CreateObjectMapping: 0.096800 ms MarkObjects: 6.260700 ms  DeleteObjects: 0.059400 ms)

AssetImportParameters requested are different than current active one (requested -> active):
  custom:framework-win-MediaFoundation: 216162199b28c13a410421893ffa2e32 -> 
  custom:video-decoder-ogg-theora: a1e56fd34408186e4bbccfd4996cb3dc -> 
  custom:container-muxer-webm: aa71ff27fc2769a1b78a27578f13a17b -> 
  custom:container-demuxer-webm: 4f35f7cbe854078d1ac9338744f61a02 -> 
  custom:container-demuxer-ogg: 62fdf1f143b41e24485cea50d1cbac27 -> 
  custom:video-encoder-webm-vp8: eb34c28f22e8b96e1ab97ce403110664 -> 
  custom:video-decoder-webm-vp8: 9c59270c3fd7afecdb556c50c9e8de78 -> 
  custom:audio-decoder-ogg-vorbis: bf7c407c2cedff20999df2af8eb42d56 -> 
  custom:audio-encoder-webm-vorbis: bf7c407c2cedff20999df2af8eb42d56 -> 
========================================================================
Received Prepare
Registering precompiled user dll's ...
Registered in 0.403344 seconds.
Begin MonoManager ReloadAssembly
Native extension for WindowsStandalone target not found
Refreshing native plugins compatible for Editor in 0.66 ms, found 3 plugins.
Preloading 0 native plugins for Editor in 0.00 ms.
Mono: successfully reloaded assembly
- Completed reload, in  1.456 seconds
Domain Reload Profiling:
	ReloadAssembly (1456ms)
		BeginReloadAssembly (152ms)
			ExecutionOrderSort (0ms)
			DisableScriptedObjects (9ms)
			BackupInstance (0ms)
			ReleaseScriptingObjects (0ms)
			CreateAndSetChildDomain (48ms)
		EndReloadAssembly (1220ms)
			LoadAssemblies (136ms)
			RebuildTransferFunctionScriptingTraits (0ms)
			SetupTypeCache (432ms)
			ReleaseScriptCaches (2ms)
			RebuildScriptCaches (55ms)
			SetupLoadedEditorAssemblies (462ms)
				LogAssemblyErrors (0ms)
				InitializePlatformSupportModulesInManaged (7ms)
				SetLoadedEditorAssemblies (1ms)
				RefreshPlugins (1ms)
				BeforeProcessingInitializeOnLoad (105ms)
				ProcessInitializeOnLoadAttributes (326ms)
				ProcessInitializeOnLoadMethodAttributes (16ms)
				AfterProcessingInitializeOnLoad (8ms)
				EditorAssembliesLoaded (0ms)
			ExecutionOrderSort2 (0ms)
			AwakeInstancesAfterBackupRestoration (12ms)
Platform modules already initialized, skipping
Refreshing native plugins compatible for Editor in 0.95 ms, found 3 plugins.
Preloading 0 native plugins for Editor in 0.00 ms.
Unloading 2192 Unused Serialized files (Serialized files now loaded: 0)
System memory in use before: 99.7 MB.
System memory in use after: 99.8 MB.

Unloading 17 unused Assets to reduce memory usage. Loaded Objects now: 2674.
Total: 7.282100 ms (FindLiveObjects: 0.306700 ms CreateObjectMapping: 0.097900 ms MarkObjects: 6.833500 ms  DeleteObjects: 0.041000 ms)

AssetImportParameters requested are different than current active one (requested -> active):
  custom:framework-win-MediaFoundation: 216162199b28c13a410421893ffa2e32 -> 
  custom:video-decoder-ogg-theora: a1e56fd34408186e4bbccfd4996cb3dc -> 
  custom:container-muxer-webm: aa71ff27fc2769a1b78a27578f13a17b -> 
  custom:container-demuxer-webm: 4f35f7cbe854078d1ac9338744f61a02 -> 
  custom:container-demuxer-ogg: 62fdf1f143b41e24485cea50d1cbac27 -> 
  custom:video-encoder-webm-vp8: eb34c28f22e8b96e1ab97ce403110664 -> 
  custom:video-decoder-webm-vp8: 9c59270c3fd7afecdb556c50c9e8de78 -> 
  custom:audio-decoder-ogg-vorbis: bf7c407c2cedff20999df2af8eb42d56 -> 
  custom:audio-encoder-webm-vorbis: bf7c407c2cedff20999df2af8eb42d56 -> 
========================================================================
Received Import Request.
  Time since last request: 77581.151528 seconds.
  path: Assets/choche.prefab
  artifactKey: Guid(4829a2465cc549242880bb3b21f87329) Importer(815301076,1909f56bfc062723c751e8b465ee728b)
Start importing Assets/choche.prefab using Guid(4829a2465cc549242880bb3b21f87329) Importer(815301076,1909f56bfc062723c751e8b465ee728b) The Animator Controller (choche) you have used is not valid. Animations will not play
UnityEngine.StackTraceUtility:ExtractStackTrace ()
UnityEditor.EditorUtility:Internal_InstantiateRemoveAllNonAnimationComponentsSingle (UnityEngine.Object,UnityEngine.Vector3,UnityEngine.Quaternion)
UnityEditor.EditorUtility:InstantiateRemoveAllNonAnimationComponents (UnityEngine.Object,UnityEngine.Vector3,UnityEngine.Quaternion)
UnityEditor.EditorUtility:InstantiateForAnimatorPreview (UnityEngine.Object)
UnityEditor.GameObjectInspector/PreviewData:UpdateGameObject (UnityEngine.Object)
UnityEditor.GameObjectInspector/PreviewData:.ctor (UnityEngine.Object)
UnityEditor.GameObjectInspector:GetPreviewData ()
UnityEditor.GameObjectInspector:RenderStaticPreview (string,UnityEngine.Object[],int,int)
UnityEditor.AssetPreviewUpdater:CreatePreviewForAsset (UnityEngine.Object,UnityEngine.Object[],string)

[C:\buildslave\unity\build\Modules/Animation/Director/AnimatorControllerPlayable.cpp line 333]

The Animator Controller (choche) you have used is not valid. Animations will not play
UnityEngine.StackTraceUtility:ExtractStackTrace ()
UnityEditor.EditorUtility:InitInstantiatedPreviewRecursive (UnityEngine.GameObject)
UnityEditor.EditorUtility:InstantiateForAnimatorPreview (UnityEngine.Object)
UnityEditor.GameObjectInspector/PreviewData:UpdateGameObject (UnityEngine.Object)
UnityEditor.GameObjectInspector/PreviewData:.ctor (UnityEngine.Object)
UnityEditor.GameObjectInspector:GetPreviewData ()
UnityEditor.GameObjectInspector:RenderStaticPreview (string,UnityEngine.Object[],int,int)
UnityEditor.AssetPreviewUpdater:CreatePreviewForAsset (UnityEngine.Object,UnityEngine.Object[],string)

[C:\buildslave\unity\build\Modules/Animation/Director/AnimatorControllerPlayable.cpp line 333]

 -> (artifact id: 'd24d0641e5a7cc987b7475073a595153') in 0.159757 seconds 
  Import took 0.166248 seconds .

